Morning - Bash Lab 1 


Last login: Mon Jul 31 23:06:54 on ttys003
(base) heloisabal@Heloisas-MacBook-Air ~ % ls
Applications        Downloads        Movies                Public                lab-bash
Desktop                IH-Labs                Music                anaconda3        my-files
Documents        Library                Pictures        copied-files        x1 = 1.py
(base) heloisabal@Heloisas-MacBook-Air ~ % cd lab-bash
(base) heloisabal@Heloisas-MacBook-Air lab-bash % ls
exercices        lorem                outputs                sed.txt
inputs                lorem-copy        readme.md
(base) heloisabal@Heloisas-MacBook-Air lab-bash % echo "Hello World"
Hello World
(base) heloisabal@Heloisas-MacBook-Air lab-bash % mkdir new_dir
(base) heloisabal@Heloisas-MacBook-Air lab-bash % rmdir new_dir
(base) heloisabal@Heloisas-MacBook-Air lab-bash % cp sed.txt/lorem lorem-copy/
cp: sed.txt/lorem: No such file or directory
(base) heloisabal@Heloisas-MacBook-Air lab-bash % cp lorem/sed.txt lorem-copy/
(base) heloisabal@Heloisas-MacBook-Air lab-bash % cp lorem/at.txt lorem-copy/; cp lorem/lorem.txt lorem-copy/
(base) heloisabal@Heloisas-MacBook-Air lab-bash % cat lorem/sed.txt
Sed ut perspiciatis unde omnis iste natus error sit voluptatem accusantium doloremque laudantium,
totam rem aperiam, eaque ipsa quae ab illo inventore veritatis et quasi architecto beatae vitae dicta sunt explicabo.
Nemo enim ipsam voluptatem quia voluptas sit aspernatur aut odit aut fugit,
sed quia consequuntur magni dolores eos qui ratione voluptatem sequi nesciunt.
Neque porro quisquam est, qui dolorem ipsum quia dolor sit amet, consectetur, adipisci velit,
sed quia non numquam eius modi tempora incidunt ut labore et dolore magnam aliquam quaerat voluptatem.
Ut enim ad minima veniam, quis nostrum exercitationem ullam corporis suscipit laboriosam,
nisi ut aliquid ex ea commodi consequatur? Quis autem vel eum iure reprehenderit qui in ea voluptate velit esse quam nihil molestiae consequatur,
vel illum qui dolorem eum fugiat quo voluptas nulla pariatur?Homo homini lupus
(base) heloisabal@Heloisas-MacBook-Air lab-bash % cat lorem/sed.txt; lorem/lorem.txt
Sed ut perspiciatis unde omnis iste natus error sit voluptatem accusantium doloremque laudantium,
totam rem aperiam, eaque ipsa quae ab illo inventore veritatis et quasi architecto beatae vitae dicta sunt explicabo.
Nemo enim ipsam voluptatem quia voluptas sit aspernatur aut odit aut fugit,
sed quia consequuntur magni dolores eos qui ratione voluptatem sequi nesciunt.
Neque porro quisquam est, qui dolorem ipsum quia dolor sit amet, consectetur, adipisci velit,
sed quia non numquam eius modi tempora incidunt ut labore et dolore magnam aliquam quaerat voluptatem.
Ut enim ad minima veniam, quis nostrum exercitationem ullam corporis suscipit laboriosam,
nisi ut aliquid ex ea commodi consequatur? Quis autem vel eum iure reprehenderit qui in ea voluptate velit esse quam nihil molestiae consequatur,
vel illum qui dolorem eum fugiat quo voluptas nulla pariatur?Homo homini lupus
lorem/lorem.txt: line 1: Lorem: command not found
lorem/lorem.txt: line 2: Ut: command not found
lorem/lorem.txt: line 3: Duis: command not found
lorem/lorem.txt: line 4: Excepteur: command not found
(base) heloisabal@Heloisas-MacBook-Air lab-bash % cat lorem sed.txt lorem.txt
cat: lorem: Is a directory
cat: sed.txt: Is a directory
cat: lorem.txt: No such file or directory
(base) heloisabal@Heloisas-MacBook-Air lab-bash % cat lorem/sed.txt lorem/lorem.txt
Sed ut perspiciatis unde omnis iste natus error sit voluptatem accusantium doloremque laudantium,
totam rem aperiam, eaque ipsa quae ab illo inventore veritatis et quasi architecto beatae vitae dicta sunt explicabo.
Nemo enim ipsam voluptatem quia voluptas sit aspernatur aut odit aut fugit,
sed quia consequuntur magni dolores eos qui ratione voluptatem sequi nesciunt.
Neque porro quisquam est, qui dolorem ipsum quia dolor sit amet, consectetur, adipisci velit,
sed quia non numquam eius modi tempora incidunt ut labore et dolore magnam aliquam quaerat voluptatem.
Ut enim ad minima veniam, quis nostrum exercitationem ullam corporis suscipit laboriosam,
nisi ut aliquid ex ea commodi consequatur? Quis autem vel eum iure reprehenderit qui in ea voluptate velit esse quam nihil molestiae consequatur,
vel illum qui dolorem eum fugiat quo voluptas nulla pariatur?Homo homini lupus
Lorem ipsum dolor sit amet, consectetur adipiscing elit, sed do eiusmod tempor incididunt ut labore et dolore magna aliqua.
Ut enim ad minim veniam, quis nostrud exercitation ullamco laboris nisi ut aliquip ex ea commodo consequat.
Duis aute irure dolor in reprehenderit in voluptate velit esse cillum dolore eu fugiat nulla pariatur.
Excepteur sint occaecat cupidatat non proident, sunt in culpa qui officia deserunt mollit anim id est laborum.%
(base) heloisabal@Heloisas-MacBook-Air lab-bash % head -3 lorem-copy/sed.txt
Sed ut perspiciatis unde omnis iste natus error sit voluptatem accusantium doloremque laudantium,
totam rem aperiam, eaque ipsa quae ab illo inventore veritatis et quasi architecto beatae vitae dicta sunt explicabo.
Nemo enim ipsam voluptatem quia voluptas sit aspernatur aut odit aut fugit,
(base) heloisabal@Heloisas-MacBook-Air lab-bash % tail -3 lorem-copy/sed.txt
Ut enim ad minima veniam, quis nostrum exercitationem ullam corporis suscipit laboriosam,
nisi ut aliquid ex ea commodi consequatur? Quis autem vel eum iure reprehenderit qui in ea voluptate velit esse quam nihil molestiae consequatur,
vel illum qui dolorem eum fugiat quo voluptas nulla pariatur?Homo homini lupus
(base) heloisabal@Heloisas-MacBook-Air lab-bash % echo Homo homini lupus. lorem-copy/sed.txt
Homo homini lupus. lorem-copy/sed.txt
(base) heloisabal@Heloisas-MacBook-Air lab-bash % tail -3 lorem-copy/sed.txt
Ut enim ad minima veniam, quis nostrum exercitationem ullam corporis suscipit laboriosam,
nisi ut aliquid ex ea commodi consequatur? Quis autem vel eum iure reprehenderit qui in ea voluptate velit esse quam nihil molestiae consequatur,
vel illum qui dolorem eum fugiat quo voluptas nulla pariatur?Homo homini lupus
(base) heloisabal@Heloisas-MacBook-Air lab-bash % sed -i -r 'et/ET' ~/at.txt
sed: 1: "et/ET": invalid command code e
(base) heloisabal@Heloisas-MacBook-Air lab-bash % sed -i 's/et/ET' at.txt
sed: 1: "at.txt": command a expects \ followed by text
(base) heloisabal@Heloisas-MacBook-Air lab-bash % sed -i 's/et/ET/g' at.txt
sed: 1: "at.txt": command a expects \ followed by text
(base) heloisabal@Heloisas-MacBook-Air lab-bash % sed -i 's/et/ET/g' lorem/at.txt
sed: 1: "lorem/at.txt": extra characters at the end of l command
(base) heloisabal@Heloisas-MacBook-Air lab-bash % cat sed.txt
cat: sed.txt: Is a directory
(base) heloisabal@Heloisas-MacBook-Air lab-bash % cd lorem
(base) heloisabal@Heloisas-MacBook-Air lorem % cat sed.txt
Sed ut perspiciatis unde omnis iste natus error sit voluptatem accusantium doloremque laudantium,
totam rem aperiam, eaque ipsa quae ab illo inventore veritatis et quasi architecto beatae vitae dicta sunt explicabo.
Nemo enim ipsam voluptatem quia voluptas sit aspernatur aut odit aut fugit,
sed quia consequuntur magni dolores eos qui ratione voluptatem sequi nesciunt.
Neque porro quisquam est, qui dolorem ipsum quia dolor sit amet, consectetur, adipisci velit,
sed quia non numquam eius modi tempora incidunt ut labore et dolore magnam aliquam quaerat voluptatem.
Ut enim ad minima veniam, quis nostrum exercitationem ullam corporis suscipit laboriosam,
nisi ut aliquid ex ea commodi consequatur? Quis autem vel eum iure reprehenderit qui in ea voluptate velit esse quam nihil molestiae consequatur,
vel illum qui dolorem eum fugiat quo voluptas nulla pariatur?Homo homini lupus
(base) heloisabal@Heloisas-MacBook-Air lorem % cat at.txt
At vero eos ET accusamus ET iusto odio dignissimos ducimus qui blanditiis praesentium voluptatum
deleniti atque corrupti quos dolores ET quas molestias excepturi sint occaecati cupiditate non
provident, similique sunt in culpa qui officia deserunt mollitia animi, id est laborum ET dolorum fuga.
Et harum quidem rerum facilis est ET expedita distinctio.
Nam libero tempore, cum soluta nobis est eligendi optio cumque nihil impedit quo minus id quod
maxime placeat facere possimus, omnis voluptas assumenda est, omnis dolor repellendus.
Temporibus autem quibusdam ET aut officiis debitis aut rerum necessitatibus saepe eveniET
ut ET voluptates repudiandae sint ET molestiae non recusandae.
Itaque earum rerum hic tenETur a sapiente delectus, ut aut reiciendis voluptatibus maiores
alias consequatur aut perferendis doloribus asperiores repellat
(base) heloisabal@Heloisas-MacBook-Air lorem % cd lab-bash
cd: no such file or directory: lab-bash
(base) heloisabal@Heloisas-MacBook-Air lorem % cd ..
(base) heloisabal@Heloisas-MacBook-Air lab-bash % pwd
/Users/heloisabal/lab-bash
(base) heloisabal@Heloisas-MacBook-Air lab-bash % pwd ..
pwd: too many arguments
(base) heloisabal@Heloisas-MacBook-Air lab-bash % pwd
/Users/heloisabal/lab-bash
(base) heloisabal@Heloisas-MacBook-Air lab-bash % find . -type f -name "*.txt"
./lorem-copy/dummy_file.txt
./lorem-copy/at.txt
./lorem-copy/lorem.txt
./lorem-copy/sed.txt
./lorem/at.txt
./lorem/lorem.txt
./lorem/sed.txt
(base) heloisabal@Heloisas-MacBook-Air lab-bash % wc -l sed.txt
wc: sed.txt: read: Is a directory
(base) heloisabal@Heloisas-MacBook-Air lab-bash % cd lorem
(base) heloisabal@Heloisas-MacBook-Air lorem % wc -l sed.txt
       9 sed.txt
(base) heloisabal@Heloisas-MacBook-Air lorem % 
(base) heloisabal@Heloisas-MacBook-Air lorem % cd ..
(base) heloisabal@Heloisas-MacBook-Air lab-bash % find lorem | wc -l


       5
(base) heloisabal@Heloisas-MacBook-Air lab-bash % read
Heloisa
(base) heloisabal@Heloisas-MacBook-Air lab-bash % mkdir $REPLY
(base) heloisabal@Heloisas-MacBook-Air lab-bash % rmdir $REPLY
(base) heloisabal@Heloisas-MacBook-Air lab-bash %